// Jest Snapshot v1, https://goo.gl/fbAQLP

exports[`TerraformStateBackend Should match snapshot 1`] = `
Object {
  "Resources": Object {
    "TerraformStateBackendBucket7CE90B83": Object {
      "DeletionPolicy": "Retain",
      "Properties": Object {
        "BucketEncryption": Object {
          "ServerSideEncryptionConfiguration": Array [
            Object {
              "ServerSideEncryptionByDefault": Object {
                "SSEAlgorithm": "aws:kms",
              },
            },
          ],
        },
        "BucketName": "terraform-state-backend",
        "PublicAccessBlockConfiguration": Object {
          "BlockPublicAcls": true,
          "BlockPublicPolicy": true,
          "IgnorePublicAcls": true,
          "RestrictPublicBuckets": true,
        },
        "VersioningConfiguration": Object {
          "Status": "Enabled",
        },
      },
      "Type": "AWS::S3::Bucket",
      "UpdateReplacePolicy": "Retain",
    },
    "TerraformStateBackendTable8272602A": Object {
      "DeletionPolicy": "Retain",
      "Properties": Object {
        "AttributeDefinitions": Array [
          Object {
            "AttributeName": "LockID",
            "AttributeType": "S",
          },
        ],
        "BillingMode": "PAY_PER_REQUEST",
        "KeySchema": Array [
          Object {
            "AttributeName": "LockID",
            "KeyType": "HASH",
          },
        ],
        "PointInTimeRecoverySpecification": Object {
          "PointInTimeRecoveryEnabled": true,
        },
        "SSESpecification": Object {
          "SSEEnabled": false,
        },
        "TableName": "terraform-state-backend",
      },
      "Type": "AWS::DynamoDB::Table",
      "UpdateReplacePolicy": "Retain",
    },
  },
}
`;
